  足立区: 20事業所 / 区内44件 / 空床利用3件 / title 33字
  荒川区: 10事業所 / 区内10件 / 空床利用1件 / title 33字
  文京区: 9事業所 / 区内9件 / 空床利用2件 / title 32字
  千代田区: 5事業所 / 区内5件 / 空床利用1件 / title 33字
  中央区: 7事業所 / 区内7件 / 空床利用0件 / title 32字
  江戸川区: 20事業所 / 区内25件 / 空床利用2件 / title 34字
  板橋区: 20事業所 / 区内24件 / 空床利用6件 / title 33字
  葛飾区: 20事業所 / 区内25件 / 空床利用4件 / title 33字
  北区: 12事業所 / 区内12件 / 空床利用2件 / title 32字
  江東区: 16事業所 / 区内16件 / 空床利用2件 / title 33字
  目黒区: 8事業所 / 区内8件 / 空床利用0件 / title 32字
  港区: 10事業所 / 区内10件 / 空床利用1件 / title 32字
  中野区: 12事業所 / 区内12件 / 空床利用2件 / title 33字
  練馬区: 20事業所 / 区内41件 / 空床利用0件 / title 33字
  大田区: 18事業所 / 区内18件 / 空床利用1件 / title 33字
  世田谷区: 20事業所 / 区内31件 / 空床利用1件 / title 34字
  渋谷区: 9事業所 / 区内9件 / 空床利用0件 / title 32字
  品川区: 13事業所 / 区内13件 / 空床利用1件 / title 33字
  新宿区: 13事業所 / 区内13件 / 空床利用1件 / title 33字
  杉並区: 20事業所 / 区内23件 / 空床利用1件 / title 33字
  墨田区: 10事業所 / 区内10件 / 空床利用2件 / title 33字
  台東区: 9事業所 / 区内9件 / 空床利用2件 / title 32字
  豊島区: 11事業所 / 区内11件 / 空床利用1件 / title 33字
  東京都ページ本文: 23区の表を書き出しました。

23 ページ分のデータを書き出しました。
