  足立区: 20事業所 / 区内52件 / 両方19件 / title 32字
  荒川区: 15事業所 / 区内15件 / 両方15件 / title 32字
  文京区: 6事業所 / 区内6件 / 両方4件 / title 31字
  千代田区: 3事業所 / 区内3件 / 両方2件 / title 32字
  中央区: 13事業所 / 区内13件 / 両方11件 / title 32字
  江戸川区: 20事業所 / 区内34件 / 両方19件 / title 33字
  板橋区: 20事業所 / 区内27件 / 両方18件 / title 32字
  葛飾区: 20事業所 / 区内31件 / 両方20件 / title 32字
  北区: 20事業所 / 区内20件 / 両方17件 / title 31字
  江東区: 20事業所 / 区内21件 / 両方19件 / title 32字
  目黒区: 11事業所 / 区内11件 / 両方10件 / title 32字
  港区: 11事業所 / 区内11件 / 両方8件 / title 31字
  中野区: 15事業所 / 区内15件 / 両方15件 / title 32字
  練馬区: 20事業所 / 区内45件 / 両方17件 / title 32字
  大田区: 20事業所 / 区内32件 / 両方17件 / title 32字
  世田谷区: 20事業所 / 区内35件 / 両方20件 / title 33字
  渋谷区: 8事業所 / 区内8件 / 両方8件 / title 31字
  品川区: 10事業所 / 区内10件 / 両方8件 / title 32字
  新宿区: 20事業所 / 区内20件 / 両方18件 / title 32字
  杉並区: 20事業所 / 区内23件 / 両方20件 / title 32字
  墨田区: 20事業所 / 区内23件 / 両方15件 / title 32字
  台東区: 11事業所 / 区内11件 / 両方10件 / title 32字
  豊島区: 14事業所 / 区内14件 / 両方11件 / title 32字
  東京都ページ本文: 23区の表を書き出しました。

23 ページ分のデータを書き出しました。
